// Jest Snapshot v1, https://goo.gl/fbAQLP

exports[`should render ViewMoviePage 1`] = `
<div>
  <div
    className="page-header"
  >
    <div
      className="content-container"
    >
      <h1
        className="page-header__title"
      >
        Edit Movie
      </h1>
    </div>
  </div>
  <div
    className="content-container"
  >
    <MovieForm
      movie={
        Object {
          "rating": 4500,
          "releaseDate": 345600000,
          "title": "Credit Card",
          "id": "3",
          "description": "",
        }
      }
      onSubmit={[Function]}
    />
    <button
      className="button button--secondary"
      onClick={[Function]}
    >
      Remove Movie
    </button>
  </div>
</div>
`;
